ARM Linker, 5.03 [Build 76] [MDK-ARM Professional]

==============================================================================

Section Cross References

    startup.o(STACK) refers (Special) to heapauxi.o(.text) for __use_two_region_memory
    startup.o(HEAP) refers (Special) to heapauxi.o(.text) for __use_two_region_memory
    startup.o(RESET) refers (Special) to heapauxi.o(.text) for __use_two_region_memory
    startup.o(RESET) refers to startup.o(STACK) for StackMem
    startup.o(RESET) refers to spaceinvaders.o(i.SysTick_Handler) for SysTick_Handler
    startup.o(RESET) refers to timer0.o(i.Timer0A_Handler) for Timer0A_Handler
    startup.o(RESET) refers to timer1.o(i.Timer1A_Handler) for Timer1A_Handler
    startup.o(RESET) refers to timer2.o(i.Timer2A_Handler) for Timer2A_Handler
    startup.o(RESET) refers to timer3.o(i.Timer3A_Handler) for Timer3A_Handler
    startup.o(RESET) refers to texas.o(.text) for Timer4A_Handler
    startup.o(RESET) refers to __main.o(!!!main) for __main
    startup.o(.text) refers (Special) to heapauxi.o(.text) for __use_two_region_memory
    startup.o(.text) refers to startup.o(HEAP) for HeapMem
    startup.o(.text) refers to startup.o(STACK) for StackMem
    random.o(.text) refers to random.o(DATA) for M
    timer0.o(i.Timer0A_Handler) refers to timer0.o(.data) for PeriodicTask0
    timer0.o(i.Timer0_Init) refers to timer0.o(.data) for PeriodicTask0
    timer1.o(i.Timer1A_Handler) refers to timer1.o(.data) for PeriodicTask1
    timer1.o(i.Timer1_Init) refers to timer1.o(.data) for PeriodicTask1
    sound.o(i.Play) refers to dac.o(i.DAC_Out) for DAC_Out
    sound.o(i.Play) refers to sound.o(.data) for sound
    sound.o(i.Sound_Chomp) refers to sound.o(i.Sound_Play) for Sound_Play
    sound.o(i.Sound_Chomp) refers to sound.o(.constdata) for chomp
    sound.o(i.Sound_Die) refers to sound.o(i.Sound_Play) for Sound_Play
    sound.o(i.Sound_Die) refers to sound.o(.data) for i
    sound.o(i.Sound_Die) refers to sound.o(.constdata) for die
    sound.o(i.Sound_Init) refers to dac.o(i.DAC_Init) for DAC_Init
    sound.o(i.Sound_Init) refers to sound.o(.data) for i
    sound.o(i.Sound_Intro) refers to sound.o(i.Sound_Play) for Sound_Play
    sound.o(i.Sound_Intro) refers to sound.o(.data) for i
    sound.o(i.Sound_Intro) refers to sound.o(.constdata) for Opening_song
    sound.o(i.Sound_Play) refers to sound.o(.data) for size
    sound.o(i.Sound_Siren) refers to sound.o(i.Sound_Play) for Sound_Play
    sound.o(i.Sound_Siren) refers to sound.o(.constdata) for siren_sound
    sound.o(i.Stop) refers to sound.o(.data) for i
    print.o(.text) refers to st7735.o(i.ST7735_OutChar) for ST7735_OutChar
    print.o(.text) refers to st7735.o(i.ST7735_OutString) for ST7735_OutString
    spaceinvaders.o(i.CollidesDot) refers to spaceinvaders.o(.bss) for puck
    spaceinvaders.o(i.CollidesGhost) refers to spaceinvaders.o(.bss) for puck
    spaceinvaders.o(i.CollidesPowerDot) refers to spaceinvaders.o(.bss) for puck
    spaceinvaders.o(i.GameFlow) refers to spaceinvaders.o(i.LevelUp) for LevelUp
    spaceinvaders.o(i.GameFlow) refers to sound.o(i.Stop) for Stop
    spaceinvaders.o(i.GameFlow) refers to spaceinvaders.o(i.midGameReset) for midGameReset
    spaceinvaders.o(i.GameFlow) refers to spaceinvaders.o(.data) for dotsEaten
    spaceinvaders.o(i.GameOver) refers to st7735.o(i.ST7735_DrawBitmap) for ST7735_DrawBitmap
    spaceinvaders.o(i.GameOver) refers to spaceinvaders.o(i.Delay100ms) for Delay100ms
    spaceinvaders.o(i.GameOver) refers to spaceinvaders.o(i.InitGame) for InitGame
    spaceinvaders.o(i.GameOver) refers to spaceinvaders.o(.constdata) for gameover
    spaceinvaders.o(i.InitGame) refers to spaceinvaders.o(i.setPellets) for setPellets
    spaceinvaders.o(i.InitGame) refers to rt_memcpy_w.o(.text) for __aeabi_memcpy4
    spaceinvaders.o(i.InitGame) refers to spaceinvaders.o(.data) for LevelInProgress
    spaceinvaders.o(i.InitGame) refers to spaceinvaders.o(.constdata) for .constdata
    spaceinvaders.o(i.InitGame) refers to spaceinvaders.o(.bss) for pellets
    spaceinvaders.o(i.LevelUp) refers to spaceinvaders.o(i.midGameReset) for midGameReset
    spaceinvaders.o(i.LevelUp) refers to spaceinvaders.o(.bss) for pellets
    spaceinvaders.o(i.LevelUp) refers to spaceinvaders.o(.data) for dotsEaten
    spaceinvaders.o(i.LoseLife) refers to sound.o(i.Sound_Die) for Sound_Die
    spaceinvaders.o(i.LoseLife) refers to st7735.o(i.ST7735_DrawBitmap) for ST7735_DrawBitmap
    spaceinvaders.o(i.LoseLife) refers to spaceinvaders.o(.data) for LevelInProgress
    spaceinvaders.o(i.LoseLife) refers to spaceinvaders.o(.bss) for puck
    spaceinvaders.o(i.LoseLife) refers to spaceinvaders.o(.constdata) for refresh
    spaceinvaders.o(i.PayToPlay) refers to sound.o(i.Sound_Intro) for Sound_Intro
    spaceinvaders.o(i.PayToPlay) refers to st7735.o(i.ST7735_FillScreen) for ST7735_FillScreen
[...]
    ../clib/angel/scatter.s                  0x00000000   Number         0  __scatter.o ABSOLUTE
    ../clib/angel/startup.s                  0x00000000   Number         0  __main.o ABSOLUTE
    ../clib/angel/sys.s                      0x00000000   Number         0  indicate_semi.o ABSOLUTE
    ../clib/angel/sys.s                      0x00000000   Number         0  sys_stackheap_outer.o ABSOLUTE
    ../clib/angel/sys.s                      0x00000000   Number         0  use_no_semi.o ABSOLUTE
    ../clib/angel/sys.s                      0x00000000   Number         0  libspace.o ABSOLUTE
    ../clib/angel/sysapp.c                   0x00000000   Number         0  sys_command.o ABSOLUTE
    ../clib/angel/sysapp.c                   0x00000000   Number         0  sys_wrch.o ABSOLUTE
    ../clib/angel/sysapp.c                   0x00000000   Number         0  sys_exit.o ABSOLUTE
    ../clib/armsys.c                         0x00000000   Number         0  argv_veneer.o ABSOLUTE
    ../clib/armsys.c                         0x00000000   Number         0  no_argv.o ABSOLUTE
    ../clib/armsys.c                         0x00000000   Number         0  argv_veneer.o ABSOLUTE
    ../clib/armsys.c                         0x00000000   Number         0  _get_argv_nomalloc.o ABSOLUTE
    ../clib/fenv.c                           0x00000000   Number         0  _rserrno.o ABSOLUTE
    ../clib/heapalloc.c                      0x00000000   Number         0  hrguard.o ABSOLUTE
    ../clib/heapaux.c                        0x00000000   Number         0  heapauxi.o ABSOLUTE
    ../clib/libinit.s                        0x00000000   Number         0  libshutdown.o ABSOLUTE
    ../clib/libinit.s                        0x00000000   Number         0  libinit.o ABSOLUTE
    ../clib/libinit.s                        0x00000000   Number         0  libshutdown2.o ABSOLUTE
    ../clib/libinit.s                        0x00000000   Number         0  libinit2.o ABSOLUTE
    ../clib/memcpset.s                       0x00000000   Number         0  rt_memcpy_w.o ABSOLUTE
    ../clib/signal.c                         0x00000000   Number         0  __raise.o ABSOLUTE
    ../clib/signal.c                         0x00000000   Number         0  defsig_rtmem_inner.o ABSOLUTE
    ../clib/signal.c                         0x00000000   Number         0  defsig_exit.o ABSOLUTE
    ../clib/signal.c                         0x00000000   Number         0  defsig_abrt_inner.o ABSOLUTE
    ../clib/signal.c                         0x00000000   Number         0  defsig_rtmem_formal.o ABSOLUTE
    ../clib/signal.c                         0x00000000   Number         0  defsig_rtmem_outer.o ABSOLUTE
    ../clib/signal.c                         0x00000000   Number         0  defsig_pvfn_inner.o ABSOLUTE
    ../clib/signal.c                         0x00000000   Number         0  defsig_fpe_inner.o ABSOLUTE
    ../clib/signal.c                         0x00000000   Number         0  defsig_rtred_inner.o ABSOLUTE
    ../clib/signal.c                         0x00000000   Number         0  defsig_stak_inner.o ABSOLUTE
    ../clib/signal.c                         0x00000000   Number         0  defsig_cppl_inner.o ABSOLUTE
    ../clib/signal.c                         0x00000000   Number         0  defsig_segv_inner.o ABSOLUTE
    ../clib/signal.c                         0x00000000   Number         0  defsig_other.o ABSOLUTE
    ../clib/signal.c                         0x00000000   Number         0  defsig_general.o ABSOLUTE
    ../clib/signal.s                         0x00000000   Number         0  defsig.o ABSOLUTE
    ../clib/stdlib.c                         0x00000000   Number         0  exit.o ABSOLUTE
    ../fplib/daddsub.s                       0x00000000   Number         0  daddsub_clz.o ABSOLUTE
    ../fplib/dcheck1.s                       0x00000000   Number         0  dcheck1.o ABSOLUTE
    ../fplib/dcmpi.s                         0x00000000   Number         0  dcmpi.o ABSOLUTE
    ../fplib/ddiv.s                          0x00000000   Number         0  ddiv.o ABSOLUTE
    ../fplib/dflt.s                          0x00000000   Number         0  dflt_clz.o ABSOLUTE
    ../fplib/dleqf.s                         0x00000000   Number         0  dleqf.o ABSOLUTE
    ../fplib/dmul.s                          0x00000000   Number         0  dmul.o ABSOLUTE
    ../fplib/dnaninf.s                       0x00000000   Number         0  dnaninf.o ABSOLUTE
    ../fplib/dretinf.s                       0x00000000   Number         0  dretinf.o ABSOLUTE
    ../fplib/drleqf.s                        0x00000000   Number         0  drleqf.o ABSOLUTE
    ../fplib/dsqrt.s                         0x00000000   Number         0  dsqrt_umaal.o ABSOLUTE
    ../fplib/fpinit.s                        0x00000000   Number         0  fpinit.o ABSOLUTE
    ../fplib/retnan.s                        0x00000000   Number         0  retnan.o ABSOLUTE
    ../fplib/scalbn.s                        0x00000000   Number         0  scalbn.o ABSOLUTE
    ../fplib/trapv.s                         0x00000000   Number         0  trapv.o ABSOLUTE
    ../fplib/usenofp.s                       0x00000000   Number         0  usenofp.o ABSOLUTE
    ../mathlib/dunder.c                      0x00000000   Number         0  dunder.o ABSOLUTE
    ../mathlib/fpclassify.c                  0x00000000   Number         0  fpclassify.o ABSOLUTE
    ../mathlib/poly.c                        0x00000000   Number         0  poly.o ABSOLUTE
    ../mathlib/pow.c                         0x00000000   Number         0  pow_x.o ABSOLUTE
    ../mathlib/pow.c                         0x00000000   Number         0  pow.o ABSOLUTE
    ../mathlib/qnan.c                        0x00000000   Number         0  qnan.o ABSOLUTE
    ../mathlib/sqrt.c                        0x00000000   Number         0  sqrt_x.o ABSOLUTE
    ../mathlib/sqrt.c                        0x00000000   Number         0  sqrt.o ABSOLUTE
    ADC.c                                    0x00000000   Number         0  adc.o ABSOLUTE
    Coin.c                                   0x00000000   Number         0  coin.o ABSOLUTE
    DAC.c                                    0x00000000   Number         0  dac.o ABSOLUTE
    Joystick.c                               0x00000000   Number         0  joystick.o ABSOLUTE
    LCD.s                                    0x00000000   Number         0  lcd.o ABSOLUTE
    Maze.c                                   0x00000000   Number         0  maze.o ABSOLUTE
    Print.s                                  0x00000000   Number         0  print.o ABSOLUTE
    ST7735.c                                 0x00000000   Number         0  st7735.o ABSOLUTE
    Sound.c                                  0x00000000   Number         0  sound.o ABSOLUTE
    SpaceInvaders.c                          0x00000000   Number         0  spaceinvaders.o ABSOLUTE
    TExaS.c                                  0x00000000   Number         0  texas.o ABSOLUTE
    Timer0.c                                 0x00000000   Number         0  timer0.o ABSOLUTE
    Timer1.c                                 0x00000000   Number         0  timer1.o ABSOLUTE
    Timer2.c                                 0x00000000   Number         0  timer2.o ABSOLUTE
    Timer3.c                                 0x00000000   Number         0  timer3.o ABSOLUTE
    dc.s                                     0x00000000   Number         0  dc.o ABSOLUTE
    random.s                                 0x00000000   Number         0  random.o ABSOLUTE
    startup.s                                0x00000000   Number         0  startup.o ABSOLUTE
    !!!main                                  0x00000284   Section        8  __main.o(!!!main)
    !!!scatter                               0x0000028c   Section       52  __scatter.o(!!!scatter)
    !!dclz77c                                0x000002c0   Section      100  __dclz77c.o(!!dclz77c)
    !!handler_zi                             0x00000324   Section       28  __scatter_zi.o(!!handler_zi)
    .ARM.Collect$$libinit$$00000000          0x00000340   Section        2  libinit.o(.ARM.Collect$$libinit$$00000000)
    .ARM.Collect$$libinit$$00000002          0x00000342   Section        0  libinit2.o(.ARM.Collect$$libinit$$00000002)
    .ARM.Collect$$libinit$$00000008          0x00000342   Section        0  libinit2.o(.ARM.Collect$$libinit$$00000008)
    .ARM.Collect$$libinit$$0000000A          0x00000342   Section        0  libinit2.o(.ARM.Collect$$libinit$$0000000A)
    .ARM.Collect$$libinit$$0000000C          0x00000342   Section        0  libinit2.o(.ARM.Collect$$libinit$$0000000C)
    .ARM.Collect$$libinit$$0000000F          0x00000342   Section        0  libinit2.o(.ARM.Collect$$libinit$$0000000F)
    .ARM.Collect$$libinit$$00000011          0x00000342   Section        0  libinit2.o(.ARM.Collect$$libinit$$00000011)
    .ARM.Collect$$libinit$$00000013          0x00000342   Section        0  libinit2.o(.ARM.Collect$$libinit$$00000013)
    .ARM.Collect$$libinit$$00000015          0x00000342   Section        0  libinit2.o(.ARM.Collect$$libinit$$00000015)
    .ARM.Collect$$libinit$$00000017          0x00000342   Section        0  libinit2.o(.ARM.Collect$$libinit$$00000017)
    .ARM.Collect$$libinit$$00000019          0x00000342   Section        0  libinit2.o(.ARM.Collect$$libinit$$00000019)
    .ARM.Collect$$libinit$$0000001B          0x00000342   Section        0  libinit2.o(.ARM.Collect$$libinit$$0000001B)
    .ARM.Collect$$libinit$$0000001D          0x00000342   Section        0  libinit2.o(.ARM.Collect$$libinit$$0000001D)
    .ARM.Collect$$libinit$$0000001F          0x00000342   Section        0  libinit2.o(.ARM.Collect$$libinit$$0000001F)
    .ARM.Collect$$libinit$$00000021          0x00000342   Section        0  libinit2.o(.ARM.Collect$$libinit$$00000021)
    .ARM.Collect$$libinit$$00000023          0x00000342   Section        0  libinit2.o(.ARM.Collect$$libinit$$00000023)
    .ARM.Collect$$libinit$$0000002A          0x00000342   Section        0  libinit2.o(.ARM.Collect$$libinit$$0000002A)
    .ARM.Collect$$libinit$$0000002C          0x00000342   Section        0  libinit2.o(.ARM.Collect$$libinit$$0000002C)
    .ARM.Collect$$libinit$$0000002E          0x00000342   Section        0  libinit2.o(.ARM.Collect$$libinit$$0000002E)
    .ARM.Collect$$libinit$$00000030          0x00000342   Section        0  libinit2.o(.ARM.Collect$$libinit$$00000030)
    .ARM.Collect$$libinit$$00000031          0x00000342   Section        2  libinit2.o(.ARM.Collect$$libinit$$00000031)
    .ARM.Collect$$libshutdown$$00000000      0x00000344   Section        2  libshutdown.o(.ARM.Collect$$libshutdown$$00000000)
    .ARM.Collect$$libshutdown$$00000003      0x00000346   Section        0  libshutdown2.o(.ARM.Collect$$libshutdown$$00000003)
    .ARM.Collect$$libshutdown$$00000006      0x00000346   Section        0  libshutdown2.o(.ARM.Collect$$libshutdown$$00000006)
    .ARM.Collect$$libshutdown$$00000009      0x00000346   Section        0  libshutdown2.o(.ARM.Collect$$libshutdown$$00000009)
    .ARM.Collect$$libshutdown$$0000000B      0x00000346   Section        0  libshutdown2.o(.ARM.Collect$$libshutdown$$0000000B)
    .ARM.Collect$$libshutdown$$0000000E      0x00000346   Section        0  libshutdown2.o(.ARM.Collect$$libshutdown$$0000000E)
    .ARM.Collect$$libshutdown$$0000000F      0x00000346   Section        2  libshutdown2.o(.ARM.Collect$$libshutdown$$0000000F)
    .ARM.Collect$$rtentry$$00000000          0x00000348   Section        0  rtentry.o(.ARM.Collect$$rtentry$$00000000)
    .ARM.Collect$$rtentry$$00000002          0x00000348   Section        0  rtentry2.o(.ARM.Collect$$rtentry$$00000002)
    .ARM.Collect$$rtentry$$00000004          0x00000348   Section        6  rtentry4.o(.ARM.Collect$$rtentry$$00000004)
    .ARM.Collect$$rtentry$$00000009          0x0000034e   Section        0  rtentry2.o(.ARM.Collect$$rtentry$$00000009)
    .ARM.Collect$$rtentry$$0000000A          0x0000034e   Section        4  rtentry2.o(.ARM.Collect$$rtentry$$0000000A)
    .ARM.Collect$$rtentry$$0000000C          0x00000352   Section        0  rtentry2.o(.ARM.Collect$$rtentry$$0000000C)
    .ARM.Collect$$rtentry$$0000000D          0x00000352   Section        8  rtentry2.o(.ARM.Collect$$rtentry$$0000000D)
    .ARM.Collect$$rtexit$$00000000           0x0000035a   Section        2  rtexit.o(.ARM.Collect$$rtexit$$00000000)
    .ARM.Collect$$rtexit$$00000002           0x0000035c   Section        0  rtexit2.o(.ARM.Collect$$rtexit$$00000002)
    .ARM.Collect$$rtexit$$00000003           0x0000035c   Section        4  rtexit2.o(.ARM.Collect$$rtexit$$00000003)
    .ARM.Collect$$rtexit$$00000004           0x00000360   Section        6  rtexit2.o(.ARM.Collect$$rtexit$$00000004)
    .text                                    0x00000368   Section       48  startup.o(.text)
    .text                                    0x00000398   Section       64  random.o(.text)
    .text                                    0x000003d8   Section      100  lcd.o(.text)
    .text                                    0x0000043c   Section      252  print.o(.text)
    .text                                    0x00000538   Section        0  texas.o(.text)
    .text                                    0x000009d8   Section      100  rt_memcpy_w.o(.text)
    .text                                    0x00000a3c   Section        0  heapauxi.o(.text)
    .text                                    0x00000a42   Section        0  _rserrno.o(.text)
    .text                                    0x00000a58   Section        8  rt_errno_addr_intlibspace.o(.text)
    .text                                    0x00000a60   Section        8  libspace.o(.text)
    .text                                    0x00000a68   Section       74  sys_stackheap_outer.o(.text)
    .text                                    0x00000ab2   Section        0  exit.o(.text)
    .text                                    0x00000ac0   Section        0  sys_exit.o(.text)
    .text                                    0x00000acc   Section        2  use_no_semi.o(.text)
    .text                                    0x00000ace   Section        0  indicate_semi.o(.text)
    i.ADC_In_X                               0x00000ad0   Section        0  adc.o(i.ADC_In_X)
    i.ADC_In_Y                               0x00000afc   Section        0  adc.o(i.ADC_In_Y)
    i.ADC_Init                               0x00000b28   Section        0  adc.o(i.ADC_Init)
    i.CoinInit                               0x00000c18   Section        0  coin.o(i.CoinInit)
    i.CollidesDot                            0x00000c74   Section        0  spaceinvaders.o(i.CollidesDot)
    i.CollidesGhost                          0x00000cbc   Section        0  spaceinvaders.o(i.CollidesGhost)
    i.CollidesPowerDot                       0x00000cf8   Section        0  spaceinvaders.o(i.CollidesPowerDot)
    i.DAC_Init                               0x00000d40   Section        0  dac.o(i.DAC_Init)
    i.DAC_Out                                0x00000d94   Section        0  dac.o(i.DAC_Out)
    i.Delay100ms                             0x00000dbc   Section        0  spaceinvaders.o(i.Delay100ms)
    i.Delay1ms                               0x00000de0   Section        0  st7735.o(i.Delay1ms)
    i.GameFlow                               0x00000e00   Section        0  spaceinvaders.o(i.GameFlow)
    i.GameOver                               0x00000e40   Section        0  spaceinvaders.o(i.GameOver)
    i.Height                                 0x00000e64   Section        0  maze.o(i.Height)
    i.InitGame                               0x00000e68   Section        0  spaceinvaders.o(i.InitGame)
    i.JoystickDirection                      0x00000fd4   Section        0  joystick.o(i.JoystickDirection)
    i.LevelUp                                0x00001038   Section        0  spaceinvaders.o(i.LevelUp)
    i.LoseLife                               0x00001090   Section        0  spaceinvaders.o(i.LoseLife)
    i.Maze_Get                               0x000011ec   Section        0  maze.o(i.Maze_Get)
    i.Output_Init                            0x00001200   Section        0  st7735.o(i.Output_Init)
    i.Paid                                   0x00001210   Section        0  coin.o(i.Paid)
    i.PayToPlay                              0x00001220   Section        0  spaceinvaders.o(i.PayToPlay)
    i.Play                                   0x00001268   Section        0  sound.o(i.Play)
    i.ST7735_DrawBitmap                      0x0000129c   Section        0  st7735.o(i.ST7735_DrawBitmap)
    i.ST7735_DrawCharS                       0x000013bc   Section        0  st7735.o(i.ST7735_DrawCharS)
    i.ST7735_DrawPixel                       0x000014b0   Section        0  st7735.o(i.ST7735_DrawPixel)
    i.ST7735_DrawString                      0x000014f8   Section        0  st7735.o(i.ST7735_DrawString)
    i.ST7735_FillRect                        0x00001550   Section        0  st7735.o(i.ST7735_FillRect)
    i.ST7735_FillScreen                      0x000015fc   Section        0  st7735.o(i.ST7735_FillScreen)
    i.ST7735_InitR                           0x00001620   Section        0  st7735.o(i.ST7735_InitR)
    i.ST7735_OutChar                         0x0000169c   Section        0  st7735.o(i.ST7735_OutChar)
    i.ST7735_OutString                       0x00001770   Section        0  st7735.o(i.ST7735_OutString)
    i.ST7735_SetCursor                       0x00001788   Section        0  st7735.o(i.ST7735_SetCursor)
    i.Sound_Chomp                            0x000017a8   Section        0  sound.o(i.Sound_Chomp)
    i.Sound_Die                              0x000017bc   Section        0  sound.o(i.Sound_Die)
    i.Sound_Init                             0x000017d8   Section        0  sound.o(i.Sound_Init)
    i.Sound_Intro                            0x00001800   Section        0  sound.o(i.Sound_Intro)
    i.Sound_Play                             0x0000181c   Section        0  sound.o(i.Sound_Play)
    i.Sound_Siren                            0x00001830   Section        0  sound.o(i.Sound_Siren)
    i.Stop                                   0x00001844   Section        0  sound.o(i.Stop)
    i.SysTick_Handler                        0x0000185c   Section        0  spaceinvaders.o(i.SysTick_Handler)
    i.Timer0A_Handler                        0x000018f0   Section        0  timer0.o(i.Timer0A_Handler)
    i.Timer0_Init                            0x00001908   Section        0  timer0.o(i.Timer0_Init)
    i.Timer1A_Handler                        0x00001968   Section        0  timer1.o(i.Timer1A_Handler)
    i.Timer1_Init                            0x00001988   Section        0  timer1.o(i.Timer1_Init)
    i.Timer2A_Handler                        0x000019e0   Section        0  timer2.o(i.Timer2A_Handler)
    i.Timer2_Init                            0x00001a00   Section        0  timer2.o(i.Timer2_Init)
    i.Timer3A_Handler                        0x00001a58   Section        0  timer3.o(i.Timer3A_Handler)
    i.Timer3_Init                            0x00001a70   Section        0  timer3.o(i.Timer3_Init)
    i.Width                                  0x00001ad0   Section        0  maze.o(i.Width)
    i.__ARM_fpclassify                       0x00001ad4   Section        0  fpclassify.o(i.__ARM_fpclassify)
    i.__kernel_poly                          0x00001afc   Section        0  poly.o(i.__kernel_poly)
    i.__mathlib_dbl_underflow                0x00001ba8   Section        0  dunder.o(i.__mathlib_dbl_underflow)
    i.commandList                            0x00001bb8   Section        0  st7735.o(i.commandList)
    commandList                              0x00001bb9   Thumb Code    86  st7735.o(i.commandList)
    i.commonInit                             0x00001c10   Section        0  st7735.o(i.commonInit)
    commonInit                               0x00001c11   Thumb Code   340  st7735.o(i.commonInit)
    i.gameLoop                               0x00001d94   Section        0  spaceinvaders.o(i.gameLoop)
    i.main                                   0x00001e00   Section        0  spaceinvaders.o(i.main)
    i.midGameReset                           0x00002030   Section        0  spaceinvaders.o(i.midGameReset)
    i.moveGhost                              0x000022e0   Section        0  spaceinvaders.o(i.moveGhost)
    i.moveGhosts                             0x00003a2c   Section        0  spaceinvaders.o(i.moveGhosts)
    i.movePuck                               0x000040f8   Section        0  spaceinvaders.o(i.movePuck)
    i.periodic60hz                           0x000046cc   Section        0  spaceinvaders.o(i.periodic60hz)
    i.pow                                    0x000046f0   Section        0  pow.o(i.pow)
    i.pushColor                              0x000050d0   Section        0  st7735.o(i.pushColor)
    pushColor                                0x000050d1   Thumb Code    18  st7735.o(i.pushColor)
    i.reDraw                                 0x000050e4   Section        0  spaceinvaders.o(i.reDraw)
    i.setAddrWindow                          0x00005258   Section        0  st7735.o(i.setAddrWindow)
    setAddrWindow                            0x00005259   Thumb Code   106  st7735.o(i.setAddrWindow)
    i.setPellets                             0x000052cc   Section        0  spaceinvaders.o(i.setPellets)
    i.sqrt                                   0x00005318   Section        0  sqrt.o(i.sqrt)
    i.systickinit                            0x00005364   Section        0  spaceinvaders.o(i.systickinit)
    i.unscare                                0x000053a0   Section        0  spaceinvaders.o(i.unscare)
    x$fpl$dadd                               0x000053c0   Section      336  daddsub_clz.o(x$fpl$dadd)
    _dadd1                                   0x000053d1   Thumb Code     0  daddsub_clz.o(x$fpl$dadd)
    x$fpl$dcheck1                            0x00005510   Section       16  dcheck1.o(x$fpl$dcheck1)
    x$fpl$dcmpinf                            0x00005520   Section       24  dcmpi.o(x$fpl$dcmpinf)
    x$fpl$ddiv                               0x00005538   Section      688  ddiv.o(x$fpl$ddiv)
    ddiv_entry                               0x0000553f   Thumb Code     0  ddiv.o(x$fpl$ddiv)
    x$fpl$dflt                               0x000057e8   Section       46  dflt_clz.o(x$fpl$dflt)
    x$fpl$dleqf                              0x00005818   Section      120  dleqf.o(x$fpl$dleqf)
    x$fpl$dmul                               0x00005890   Section      340  dmul.o(x$fpl$dmul)
    x$fpl$dnaninf                            0x000059e4   Section      156  dnaninf.o(x$fpl$dnaninf)
    x$fpl$dretinf                            0x00005a80   Section       12  dretinf.o(x$fpl$dretinf)
    x$fpl$drleqf                             0x00005a8c   Section      108  drleqf.o(x$fpl$drleqf)
    x$fpl$drsb                               0x00005af8   Section       22  daddsub_clz.o(x$fpl$drsb)
    x$fpl$dsqrt                              0x00005b10   Section      408  dsqrt_umaal.o(x$fpl$dsqrt)
    x$fpl$dsub                               0x00005ca8   Section      468  daddsub_clz.o(x$fpl$dsub)
    _dsub1                                   0x00005cb9   Thumb Code     0  daddsub_clz.o(x$fpl$dsub)
    x$fpl$retnan                             0x00005e7c   Section      100  retnan.o(x$fpl$retnan)
    x$fpl$scalbn                             0x00005ee0   Section       92  scalbn.o(x$fpl$scalbn)
    x$fpl$trapveneer                         0x00005f3c   Section       48  trapv.o(x$fpl$trapveneer)
    .constdata                               0x00005f6c   Section    92932  sound.o(.constdata)
    x$fpl$usenofp                            0x00005f6c   Section        0  usenofp.o(x$fpl$usenofp)
    .constdata                               0x0001ca70   Section    77320  spaceinvaders.o(.constdata)
    .constdata                               0x0002f878   Section     2018  st7735.o(.constdata)
    Font                                     0x0002f878   Data        1275  st7735.o(.constdata)
    Bcmd                                     0x0002fd73   Data         103  st7735.o(.constdata)
    Rcmd1                                    0x0002fdda   Data          59  st7735.o(.constdata)
    Rcmd2green                               0x0002fe15   Data          13  st7735.o(.constdata)
    Rcmd2red                                 0x0002fe22   Data          13  st7735.o(.constdata)
    Rcmd3                                    0x0002fe2f   Data          43  st7735.o(.constdata)
    .constdata                               0x0003005a   Section      240  texas.o(.constdata)
    .constdata                               0x00030150   Section      136  pow.o(.constdata)
    bp                                       0x00030150   Data          16  pow.o(.constdata)
    dp_h                                     0x00030160   Data          16  pow.o(.constdata)
    dp_l                                     0x00030170   Data          16  pow.o(.constdata)
    L                                        0x00030180   Data          48  pow.o(.constdata)
    P                                        0x000301b0   Data          40  pow.o(.constdata)
    .constdata                               0x000301d8   Section        8  qnan.o(.constdata)
    .data                                    0x20000000   Section        4  timer0.o(.data)
    .data                                    0x20000004   Section        4  timer1.o(.data)
    .data                                    0x20000008   Section       12  sound.o(.data)
    .data                                    0x20000014   Section       48  spaceinvaders.o(.data)
    .data                                    0x20000044   Section       44  st7735.o(.data)
    _width                                   0x2000004e   Data           2  st7735.o(.data)
    _height                                  0x20000050   Data           2  st7735.o(.data)
    ColStart                                 0x20000058   Data           1  st7735.o(.data)
    RowStart                                 0x20000059   Data           1  st7735.o(.data)
    Rotation                                 0x2000005a   Data           1  st7735.o(.data)
    TabColor                                 0x2000005b   Data           1  st7735.o(.data)
    .data                                    0x20000070   Section     1008  maze.o(.data)
    .data                                    0x20000460   Section        4  timer2.o(.data)
    .data                                    0x20000464   Section        4  timer3.o(.data)
    .data                                    0x20000468   Section       48  texas.o(.data)
    DATA                                     0x20000498   Section        4  random.o(DATA)
    M                                        0x20000498   Data           4  random.o(DATA)
    .bss                                     0x2000049c   Section     3176  spaceinvaders.o(.bss)
    .bss                                     0x20001108   Section       56  texas.o(.bss)
    .bss                                     0x20001140   Section       96  libspace.o(.bss)
    HEAP                                     0x200011a0   Section        0  startup.o(HEAP)
    STACK                                    0x200011a0   Section     1024  startup.o(STACK)
    HeapMem                                  0x200011a0   Data           0  startup.o(HEAP)
    StackMem                                 0x200011a0   Data           0  startup.o(STACK)

    Global Symbols

    Symbol Name                              Value     Ov Type        Size  Object(Section)

    BuildAttributes$$THM_ISAv4$E$P$D$K$B$S$7EM$PE$A:L22UL41UL21$X:L11$S22US41US21$IEEE1$IW$USESV6$~STKCKD$USESV7$~SHL$OTIME$ROPI$IEEEX$EBA8$UX$STANDARDLIB$REQ8$PRES8$EABIv2 0x00000000   Number         0  anon$$obj.o ABSOLUTE
    __ARM_use_no_argv                        0x00000000   Number         0  spaceinvaders.o ABSOLUTE
    __Vectors                                0x00000000   Data           0  startup.o(RESET)
    __ARM_exceptions_init                     - Undefined Weak Reference
    __alloca_initialize                       - Undefined Weak Reference
    __cpp_initialize__aeabi_                  - Undefined Weak Reference
    __cxa_finalize                            - Undefined Weak Reference
    __rt_locale                               - Undefined Weak Reference
    __sigvec_lookup                           - Undefined Weak Reference
    _atexit_init                              - Undefined Weak Reference
    _call_atexit_fns                          - Undefined Weak Reference
    _clock_init                               - Undefined Weak Reference
    _fp_trap_init                             - Undefined Weak Reference
    _fp_trap_shutdown                         - Undefined Weak Reference
    _get_lc_collate                           - Undefined Weak Reference
    _get_lc_ctype                             - Undefined Weak Reference
    _get_lc_monetary                          - Undefined Weak Reference
    _get_lc_numeric                           - Undefined Weak Reference
    _get_lc_time                              - Undefined Weak Reference
    _getenv_init                              - Undefined Weak Reference
    _handle_redirection                       - Undefined Weak Reference
    _init_alloc                               - Undefined Weak Reference
    _init_user_alloc                          - Undefined Weak Reference
    _initio                                   - Undefined Weak Reference
    _rand_init                                - Undefined Weak Reference
    _signal_finish                            - Undefined Weak Reference
    _signal_init                              - Undefined Weak Reference
    _terminate_alloc                          - Undefined Weak Reference
    _terminate_user_alloc                     - Undefined Weak Reference
    _terminateio                              - Undefined Weak Reference
    Reset_Handler                            0x0000026d   Thumb Code     0  startup.o(RESET)
    NMI_Handler                              0x00000271   Thumb Code     2  startup.o(RESET)
    HardFault_Handler                        0x00000273   Thumb Code     2  startup.o(RESET)
    MemManage_Handler                        0x00000275   Thumb Code     2  startup.o(RESET)
    BusFault_Handler                         0x00000277   Thumb Code     2  startup.o(RESET)
    UsageFault_Handler                       0x00000279   Thumb Code     2  startup.o(RESET)
    SVC_Handler                              0x0000027b   Thumb Code     2  startup.o(RESET)
    DebugMon_Handler                         0x0000027d   Thumb Code     2  startup.o(RESET)
    PendSV_Handler                           0x0000027f   Thumb Code     2  startup.o(RESET)
    ADC0Seq0_Handler                         0x00000283   Thumb Code     0  startup.o(RESET)
    ADC0Seq1_Handler                         0x00000283   Thumb Code     0  startup.o(RESET)
    ADC0Seq2_Handler                         0x00000283   Thumb Code     0  startup.o(RESET)
    ADC0Seq3_Handler                         0x00000283   Thumb Code     0  startup.o(RESET)
    ADC1Seq0_Handler                         0x00000283   Thumb Code     0  startup.o(RESET)
    ADC1Seq1_Handler                         0x00000283   Thumb Code     0  startup.o(RESET)
    ADC1Seq2_Handler                         0x00000283   Thumb Code     0  startup.o(RESET)
    ADC1Seq3_Handler                         0x00000283   Thumb Code     0  startup.o(RESET)
    CAN0_Handler                             0x00000283   Thumb Code     0  startup.o(RESET)
    CAN1_Handler                             0x00000283   Thumb Code     0  startup.o(RESET)
    CAN2_Handler                             0x00000283   Thumb Code     0  startup.o(RESET)
    Comp0_Handler                            0x00000283   Thumb Code     0  startup.o(RESET)
    Comp1_Handler                            0x00000283   Thumb Code     0  startup.o(RESET)
    Comp2_Handler                            0x00000283   Thumb Code     0  startup.o(RESET)
    Ethernet_Handler                         0x00000283   Thumb Code     0  startup.o(RESET)
    ExtBus_Handler                           0x00000283   Thumb Code     0  startup.o(RESET)
    FPU_Handler                              0x00000283   Thumb Code     0  startup.o(RESET)
    Fan0_Handler                             0x00000283   Thumb Code     0  startup.o(RESET)
    FlashCtl_Handler                         0x00000283   Thumb Code     0  startup.o(RESET)
    GPIOPortA_Handler                        0x00000283   Thumb Code     0  startup.o(RESET)
    GPIOPortB_Handler                        0x00000283   Thumb Code     0  startup.o(RESET)
    GPIOPortC_Handler                        0x00000283   Thumb Code     0  startup.o(RESET)
    GPIOPortD_Handler                        0x00000283   Thumb Code     0  startup.o(RESET)
    GPIOPortE_Handler                        0x00000283   Thumb Code     0  startup.o(RESET)
    GPIOPortF_Handler                        0x00000283   Thumb Code     0  startup.o(RESET)
    GPIOPortG_Handler                        0x00000283   Thumb Code     0  startup.o(RESET)
    GPIOPortH_Handler                        0x00000283   Thumb Code     0  startup.o(RESET)
    GPIOPortJ_Handler                        0x00000283   Thumb Code     0  startup.o(RESET)
    GPIOPortK_Handler                        0x00000283   Thumb Code     0  startup.o(RESET)
    GPIOPortL_Handler                        0x00000283   Thumb Code     0  startup.o(RESET)
    GPIOPortM_Handler                        0x00000283   Thumb Code     0  startup.o(RESET)
    GPIOPortN_Handler                        0x00000283   Thumb Code     0  startup.o(RESET)
    GPIOPortP1_Handler                       0x00000283   Thumb Code     0  startup.o(RESET)
    GPIOPortP2_Handler                       0x00000283   Thumb Code     0  startup.o(RESET)
    GPIOPortP3_Handler                       0x00000283   Thumb Code     0  startup.o(RESET)
    GPIOPortP4_Handler                       0x00000283   Thumb Code     0  startup.o(RESET)
    GPIOPortP5_Handler                       0x00000283   Thumb Code     0  startup.o(RESET)
    GPIOPortP6_Handler                       0x00000283   Thumb Code     0  startup.o(RESET)
    GPIOPortP7_Handler                       0x00000283   Thumb Code     0  startup.o(RESET)
    GPIOPortP_Handler                        0x00000283   Thumb Code     0  startup.o(RESET)
    GPIOPortQ1_Handler                       0x00000283   Thumb Code     0  startup.o(RESET)
    GPIOPortQ2_Handler                       0x00000283   Thumb Code     0  startup.o(RESET)
    GPIOPortQ3_Handler                       0x00000283   Thumb Code     0  startup.o(RESET)
    GPIOPortQ4_Handler                       0x00000283   Thumb Code     0  startup.o(RESET)
    GPIOPortQ5_Handler                       0x00000283   Thumb Code     0  startup.o(RESET)
    GPIOPortQ6_Handler                       0x00000283   Thumb Code     0  startup.o(RESET)
    GPIOPortQ7_Handler                       0x00000283   Thumb Code     0  startup.o(RESET)
    GPIOPortQ_Handler                        0x00000283   Thumb Code     0  startup.o(RESET)
    GPIOPortR_Handler                        0x00000283   Thumb Code     0  startup.o(RESET)
    GPIOPortS_Handler                        0x00000283   Thumb Code     0  startup.o(RESET)
    Hibernate_Handler                        0x00000283   Thumb Code     0  startup.o(RESET)
    I2C0_Handler                             0x00000283   Thumb Code     0  startup.o(RESET)
    I2C1_Handler                             0x00000283   Thumb Code     0  startup.o(RESET)
    I2C2_Handler                             0x00000283   Thumb Code     0  startup.o(RESET)
    I2C3_Handler                             0x00000283   Thumb Code     0  startup.o(RESET)
    I2C4_Handler                             0x00000283   Thumb Code     0  startup.o(RESET)
    I2C5_Handler                             0x00000283   Thumb Code     0  startup.o(RESET)
    I2S0_Handler                             0x00000283   Thumb Code     0  startup.o(RESET)
    LPC0_Handler                             0x00000283   Thumb Code     0  startup.o(RESET)
    PECI0_Handler                            0x00000283   Thumb Code     0  startup.o(RESET)
    PWM0Fault_Handler                        0x00000283   Thumb Code     0  startup.o(RESET)
    PWM0Generator0_Handler                   0x00000283   Thumb Code     0  startup.o(RESET)
    PWM0Generator1_Handler                   0x00000283   Thumb Code     0  startup.o(RESET)
    PWM0Generator2_Handler                   0x00000283   Thumb Code     0  startup.o(RESET)
    PWM0Generator3_Handler                   0x00000283   Thumb Code     0  startup.o(RESET)
    PWM1Fault_Handler                        0x00000283   Thumb Code     0  startup.o(RESET)
    PWM1Generator0_Handler                   0x00000283   Thumb Code     0  startup.o(RESET)
    PWM1Generator1_Handler                   0x00000283   Thumb Code     0  startup.o(RESET)
    PWM1Generator2_Handler                   0x00000283   Thumb Code     0  startup.o(RESET)
    PWM1Generator3_Handler                   0x00000283   Thumb Code     0  startup.o(RESET)
    Quadrature0_Handler                      0x00000283   Thumb Code     0  startup.o(RESET)
    Quadrature1_Handler                      0x00000283   Thumb Code     0  startup.o(RESET)
    Quadrature2_Handler                      0x00000283   Thumb Code     0  startup.o(RESET)
    SSI0_Handler                             0x00000283   Thumb Code     0  startup.o(RESET)
    SSI1_Handler                             0x00000283   Thumb Code     0  startup.o(RESET)
    SSI2_Handler                             0x00000283   Thumb Code     0  startup.o(RESET)
    SSI3_Handler                             0x00000283   Thumb Code     0  startup.o(RESET)
    SysCtl_Handler                           0x00000283   Thumb Code     0  startup.o(RESET)
    Timer0B_Handler                          0x00000283   Thumb Code     0  startup.o(RESET)
    Timer1B_Handler                          0x00000283   Thumb Code     0  startup.o(RESET)
    Timer2B_Handler                          0x00000283   Thumb Code     0  startup.o(RESET)
    Timer3B_Handler                          0x00000283   Thumb Code     0  startup.o(RESET)
    Timer4B_Handler                          0x00000283   Thumb Code     0  startup.o(RESET)
    Timer5B_Handler                          0x00000283   Thumb Code     0  startup.o(RESET)
    UART0_Handler                            0x00000283   Thumb Code     0  startup.o(RESET)
    UART1_Handler                            0x00000283   Thumb Code     0  startup.o(RESET)
    UART2_Handler                            0x00000283   Thumb Code     0  startup.o(RESET)
    UART3_Handler                            0x00000283   Thumb Code     0  startup.o(RESET)
    UART4_Handler                            0x00000283   Thumb Code     0  startup.o(RESET)
    UART5_Handler                            0x00000283   Thumb Code     0  startup.o(RESET)
    UART6_Handler                            0x00000283   Thumb Code     0  startup.o(RESET)
    UART7_Handler                            0x00000283   Thumb Code     0  startup.o(RESET)
    USB0_Handler                             0x00000283   Thumb Code     0  startup.o(RESET)
    WDT_Handler                              0x00000283   Thumb Code     0  startup.o(RESET)
    WideTimer0A_Handler                      0x00000283   Thumb Code     0  startup.o(RESET)
    WideTimer0B_Handler                      0x00000283   Thumb Code     0  startup.o(RESET)
    WideTimer1A_Handler                      0x00000283   Thumb Code     0  startup.o(RESET)
    WideTimer1B_Handler                      0x00000283   Thumb Code     0  startup.o(RESET)
    WideTimer2A_Handler                      0x00000283   Thumb Code     0  startup.o(RESET)
    WideTimer2B_Handler                      0x00000283   Thumb Code     0  startup.o(RESET)
    WideTimer3A_Handler                      0x00000283   Thumb Code     0  startup.o(RESET)
    WideTimer3B_Handler                      0x00000283   Thumb Code     0  startup.o(RESET)
    WideTimer4A_Handler                      0x00000283   Thumb Code     0  startup.o(RESET)
    WideTimer4B_Handler                      0x00000283   Thumb Code     0  startup.o(RESET)
    WideTimer5A_Handler                      0x00000283   Thumb Code     0  startup.o(RESET)
    WideTimer5B_Handler                      0x00000283   Thumb Code     0  startup.o(RESET)
    uDMA_Error                               0x00000283   Thumb Code     0  startup.o(RESET)
    uDMA_Handler                             0x00000283   Thumb Code     0  startup.o(RESET)
    __main                                   0x00000285   Thumb Code     8  __main.o(!!!main)
    __scatterload                            0x0000028d   Thumb Code     0  __scatter.o(!!!scatter)
    __scatterload_rt2                        0x0000028d   Thumb Code    44  __scatter.o(!!!scatter)
    __scatterload_rt2_thumb_only             0x0000028d   Thumb Code     0  __scatter.o(!!!scatter)
    __scatterload_null                       0x0000029b   Thumb Code     0  __scatter.o(!!!scatter)
    __decompress                             0x000002c1   Thumb Code   100  __dclz77c.o(!!dclz77c)
    __decompress2                            0x000002c1   Thumb Code     0  __dclz77c.o(!!dclz77c)
    __scatterload_zeroinit                   0x00000325   Thumb Code    28  __scatter_zi.o(!!handler_zi)
    __rt_lib_init                            0x00000341   Thumb Code     0  libinit.o(.ARM.Collect$$libinit$$00000000)
    __rt_lib_init_alloca_1                   0x00000343   Thumb Code     0  libinit2.o(.ARM.Collect$$libinit$$0000002C)
    __rt_lib_init_argv_1                     0x00000343   Thumb Code     0  libinit2.o(.ARM.Collect$$libinit$$0000002A)
    __rt_lib_init_atexit_1                   0x00000343   Thumb Code     0  libinit2.o(.ARM.Collect$$libinit$$00000019)
    __rt_lib_init_clock_1                    0x00000343   Thumb Code     0  libinit2.o(.ARM.Collect$$libinit$$0000001F)
    __rt_lib_init_cpp_1                      0x00000343   Thumb Code     0  libinit2.o(.ARM.Collect$$libinit$$00000030)
    __rt_lib_init_exceptions_1               0x00000343   Thumb Code     0  libinit2.o(.ARM.Collect$$libinit$$0000002E)
    __rt_lib_init_fp_1                       0x00000343   Thumb Code     0  libinit2.o(.ARM.Collect$$libinit$$00000002)
    __rt_lib_init_fp_trap_1                  0x00000343   Thumb Code     0  libinit2.o(.ARM.Collect$$libinit$$0000001D)
    __rt_lib_init_getenv_1                   0x00000343   Thumb Code     0  libinit2.o(.ARM.Collect$$libinit$$00000021)
    __rt_lib_init_heap_1                     0x00000343   Thumb Code     0  libinit2.o(.ARM.Collect$$libinit$$00000008)
    __rt_lib_init_lc_collate_1               0x00000343   Thumb Code     0  libinit2.o(.ARM.Collect$$libinit$$0000000F)
    __rt_lib_init_lc_ctype_1                 0x00000343   Thumb Code     0  libinit2.o(.ARM.Collect$$libinit$$00000011)
    __rt_lib_init_lc_monetary_1              0x00000343   Thumb Code     0  libinit2.o(.ARM.Collect$$libinit$$00000013)
    __rt_lib_init_lc_numeric_1               0x00000343   Thumb Code     0  libinit2.o(.ARM.Collect$$libinit$$00000015)
    __rt_lib_init_lc_time_1                  0x00000343   Thumb Code     0  libinit2.o(.ARM.Collect$$libinit$$00000017)
    __rt_lib_init_rand_1                     0x00000343   Thumb Code     0  libinit2.o(.ARM.Collect$$libinit$$0000000C)
    __rt_lib_init_return                     0x00000343   Thumb Code     0  libinit2.o(.ARM.Collect$$libinit$$00000031)
    __rt_lib_init_signal_1                   0x00000343   Thumb Code     0  libinit2.o(.ARM.Collect$$libinit$$0000001B)
    __rt_lib_init_stdio_1                    0x00000343   Thumb Code     0  libinit2.o(.ARM.Collect$$libinit$$00000023)
    __rt_lib_init_user_alloc_1               0x00000343   Thumb Code     0  libinit2.o(.ARM.Collect$$libinit$$0000000A)
    __rt_lib_shutdown                        0x00000345   Thumb Code     0  libshutdown.o(.ARM.Collect$$libshutdown$$00000000)
    __rt_lib_shutdown_fp_trap_1              0x00000347   Thumb Code     0  libshutdown2.o(.ARM.Collect$$libshutdown$$00000006)
    __rt_lib_shutdown_heap_1                 0x00000347   Thumb Code     0  libshutdown2.o(.ARM.Collect$$libshutdown$$0000000E)
    __rt_lib_shutdown_return                 0x00000347   Thumb Code     0  libshutdown2.o(.ARM.Collect$$libshutdown$$0000000F)
    __rt_lib_shutdown_signal_1               0x00000347   Thumb Code     0  libshutdown2.o(.ARM.Collect$$libshutdown$$00000009)
    __rt_lib_shutdown_stdio_1                0x00000347   Thumb Code     0  libshutdown2.o(.ARM.Collect$$libshutdown$$00000003)
    __rt_lib_shutdown_user_alloc_1           0x00000347   Thumb Code     0  libshutdown2.o(.ARM.Collect$$libshutdown$$0000000B)
    __rt_entry                               0x00000349   Thumb Code     0  rtentry.o(.ARM.Collect$$rtentry$$00000000)
    __rt_entry_presh_1                       0x00000349   Thumb Code     0  rtentry2.o(.ARM.Collect$$rtentry$$00000002)
    __rt_entry_sh                            0x00000349   Thumb Code     0  rtentry4.o(.ARM.Collect$$rtentry$$00000004)
    __rt_entry_li                            0x0000034f   Thumb Code     0  rtentry2.o(.ARM.Collect$$rtentry$$0000000A)
    __rt_entry_postsh_1                      0x0000034f   Thumb Code     0  rtentry2.o(.ARM.Collect$$rtentry$$00000009)
    __rt_entry_main                          0x00000353   Thumb Code     0  rtentry2.o(.ARM.Collect$$rtentry$$0000000D)
    __rt_entry_postli_1                      0x00000353   Thumb Code     0  rtentry2.o(.ARM.Collect$$rtentry$$0000000C)
    __rt_exit                                0x0000035b   Thumb Code     0  rtexit.o(.ARM.Collect$$rtexit$$00000000)
    __rt_exit_ls                             0x0000035d   Thumb Code     0  rtexit2.o(.ARM.Collect$$rtexit$$00000003)
    __rt_exit_prels_1                        0x0000035d   Thumb Code     0  rtexit2.o(.ARM.Collect$$rtexit$$00000002)
    __rt_exit_exit                           0x00000361   Thumb Code     0  rtexit2.o(.ARM.Collect$$rtexit$$00000004)
    DisableInterrupts                        0x00000369   Thumb Code     0  startup.o(.text)
    EnableInterrupts                         0x0000036d   Thumb Code     0  startup.o(.text)
    StartCritical                            0x00000371   Thumb Code     0  startup.o(.text)
    EndCritical                              0x00000379   Thumb Code     0  startup.o(.text)
    WaitForInterrupt                         0x0000037f   Thumb Code     0  startup.o(.text)
    __user_initial_stackheap                 0x00000383   Thumb Code     0  startup.o(.text)
    Random_Init                              0x00000399   Thumb Code     0  random.o(.text)
    Random32                                 0x000003a3   Thumb Code     2  random.o(.text)
    Random                                   0x000003b5   Thumb Code     2  random.o(.text)
    writecommand                             0x000003d9   Thumb Code     0  lcd.o(.text)
    writedata                                0x0000040b   Thumb Code     0  lcd.o(.text)
    LCD_OutDec                               0x0000043d   Thumb Code     0  print.o(.text)
    LCD_OutFix                               0x0000047f   Thumb Code     0  print.o(.text)
    ADC1_Init                                0x00000539   Thumb Code   170  texas.o(.text)
    SetCode                                  0x000005e3   Thumb Code    20  texas.o(.text)
    UART0_Init                               0x000005f7   Thumb Code   162  texas.o(.text)
    SetCourse                                0x00000699   Thumb Code    22  texas.o(.text)
    PLL_Init                                 0x000006af   Thumb Code   118  texas.o(.text)
    TExaS_Init                               0x00000725   Thumb Code   282  texas.o(.text)
    StopTimer4                               0x0000083f   Thumb Code    16  texas.o(.text)
    StartTimer4                              0x0000084f   Thumb Code    24  texas.o(.text)
    Timer4A_Handler                          0x00000867   Thumb Code    20  texas.o(.text)
    ADC1_In                                  0x0000087b   Thumb Code     6  texas.o(.text)
    Timer5A_Handler                          0x00000881   Thumb Code    34  texas.o(.text)
    TExaS_Stop                               0x000008a3   Thumb Code    18  texas.o(.text)
    copy                                     0x000008b5   Thumb Code    16  texas.o(.text)
    SetMode                                  0x000008c5   Thumb Code    22  texas.o(.text)
    UART0_InChar                             0x000008db   Thumb Code    20  texas.o(.text)
    UART0_InCharNonBlocking                  0x000008ef   Thumb Code    22  texas.o(.text)
    UART0_OutChar                            0x00000905   Thumb Code   200  texas.o(.text)
    UART0_OutCharNonBlock                    0x000009cd   Thumb Code     6  texas.o(.text)
    __aeabi_memcpy4                          0x000009d9   Thumb Code     0  rt_memcpy_w.o(.text)
    __aeabi_memcpy8                          0x000009d9   Thumb Code     0  rt_memcpy_w.o(.text)
    __rt_memcpy_w                            0x000009d9   Thumb Code   100  rt_memcpy_w.o(.text)
    _memcpy_lastbytes_aligned                0x00000a21   Thumb Code     0  rt_memcpy_w.o(.text)
    __use_two_region_memory                  0x00000a3d   Thumb Code     2  heapauxi.o(.text)
    __rt_heap_escrow$2region                 0x00000a3f   Thumb Code     2  heapauxi.o(.text)
    __rt_heap_expand$2region                 0x00000a41   Thumb Code     2  heapauxi.o(.text)
    __read_errno                             0x00000a43   Thumb Code    10  _rserrno.o(.text)
    __set_errno                              0x00000a4d   Thumb Code    12  _rserrno.o(.text)
    __aeabi_errno_addr                       0x00000a59   Thumb Code     8  rt_errno_addr_intlibspace.o(.text)
    __errno$intlibspace                      0x00000a59   Thumb Code     0  rt_errno_addr_intlibspace.o(.text)
    __rt_errno_addr$intlibspace              0x00000a59   Thumb Code     0  rt_errno_addr_intlibspace.o(.text)
    __user_libspace                          0x00000a61   Thumb Code     8  libspace.o(.text)
    __user_perproc_libspace                  0x00000a61   Thumb Code     0  libspace.o(.text)
    __user_perthread_libspace                0x00000a61   Thumb Code     0  libspace.o(.text)
    __user_setup_stackheap                   0x00000a69   Thumb Code    74  sys_stackheap_outer.o(.text)
    exit                                     0x00000ab3   Thumb Code    12  exit.o(.text)
    _sys_exit                                0x00000ac1   Thumb Code     8  sys_exit.o(.text)
    __I$use$semihosting                      0x00000acd   Thumb Code     0  use_no_semi.o(.text)
    __use_no_semihosting_swi                 0x00000acd   Thumb Code     2  use_no_semi.o(.text)
    __semihosting_library_function           0x00000acf   Thumb Code     0  indicate_semi.o(.text)
    ADC_In_X                                 0x00000ad1   Thumb Code    36  adc.o(i.ADC_In_X)
    ADC_In_Y                                 0x00000afd   Thumb Code    36  adc.o(i.ADC_In_Y)
    ADC_Init                                 0x00000b29   Thumb Code   206  adc.o(i.ADC_Init)
    CoinInit                                 0x00000c19   Thumb Code    80  coin.o(i.CoinInit)
    CollidesDot                              0x00000c75   Thumb Code    68  spaceinvaders.o(i.CollidesDot)
    CollidesGhost                            0x00000cbd   Thumb Code    56  spaceinvaders.o(i.CollidesGhost)
    CollidesPowerDot                         0x00000cf9   Thumb Code    68  spaceinvaders.o(i.CollidesPowerDot)
    DAC_Init                                 0x00000d41   Thumb Code    72  dac.o(i.DAC_Init)
    DAC_Out                                  0x00000d95   Thumb Code    30  dac.o(i.DAC_Out)
    Delay100ms                               0x00000dbd   Thumb Code    30  spaceinvaders.o(i.Delay100ms)
    Delay1ms                                 0x00000de1   Thumb Code    32  st7735.o(i.Delay1ms)
    GameFlow                                 0x00000e01   Thumb Code    50  spaceinvaders.o(i.GameFlow)
    GameOver                                 0x00000e41   Thumb Code    30  spaceinvaders.o(i.GameOver)
    Height                                   0x00000e65   Thumb Code     4  maze.o(i.Height)
    InitGame                                 0x00000e69   Thumb Code   304  spaceinvaders.o(i.InitGame)
    JoystickDirection                        0x00000fd5   Thumb Code    98  joystick.o(i.JoystickDirection)
    LevelUp                                  0x00001039   Thumb Code    72  spaceinvaders.o(i.LevelUp)
    LoseLife                                 0x00001091   Thumb Code   298  spaceinvaders.o(i.LoseLife)
    Maze_Get                                 0x000011ed   Thumb Code    16  maze.o(i.Maze_Get)
    Output_Init                              0x00001201   Thumb Code    16  st7735.o(i.Output_Init)
    Paid                                     0x00001211   Thumb Code    10  coin.o(i.Paid)
    PayToPlay                                0x00001221   Thumb Code    54  spaceinvaders.o(i.PayToPlay)
    Play                                     0x00001269   Thumb Code    40  sound.o(i.Play)
    ST7735_DrawBitmap                        0x0000129d   Thumb Code   280  st7735.o(i.ST7735_DrawBitmap)
    ST7735_DrawCharS                         0x000013bd   Thumb Code   232  st7735.o(i.ST7735_DrawCharS)
    ST7735_DrawPixel                         0x000014b1   Thumb Code    64  st7735.o(i.ST7735_DrawPixel)
    ST7735_DrawString                        0x000014f9   Thumb Code    86  st7735.o(i.ST7735_DrawString)
    ST7735_FillRect                          0x00001551   Thumb Code   164  st7735.o(i.ST7735_FillRect)
    ST7735_FillScreen                        0x000015fd   Thumb Code    28  st7735.o(i.ST7735_FillScreen)
    ST7735_InitR                             0x00001621   Thumb Code    90  st7735.o(i.ST7735_InitR)
    ST7735_OutChar                           0x0000169d   Thumb Code   176  st7735.o(i.ST7735_OutChar)
    ST7735_OutString                         0x00001771   Thumb Code    24  st7735.o(i.ST7735_OutString)
    ST7735_SetCursor                         0x00001789   Thumb Code    22  st7735.o(i.ST7735_SetCursor)
    Sound_Chomp                              0x000017a9   Thumb Code    14  sound.o(i.Sound_Chomp)
    Sound_Die                                0x000017bd   Thumb Code    20  sound.o(i.Sound_Die)
    Sound_Init                               0x000017d9   Thumb Code    26  sound.o(i.Sound_Init)
    Sound_Intro                              0x00001801   Thumb Code    20  sound.o(i.Sound_Intro)
    Sound_Play                               0x0000181d   Thumb Code    10  sound.o(i.Sound_Play)
    Sound_Siren                              0x00001831   Thumb Code    14  sound.o(i.Sound_Siren)
    Stop                                     0x00001845   Thumb Code    14  sound.o(i.Stop)
    SysTick_Handler                          0x0000185d   Thumb Code   116  spaceinvaders.o(i.SysTick_Handler)
    Timer0A_Handler                          0x000018f1   Thumb Code    16  timer0.o(i.Timer0A_Handler)
    Timer0_Init                              0x00001909   Thumb Code    76  timer0.o(i.Timer0_Init)
    Timer1A_Handler                          0x00001969   Thumb Code    22  timer1.o(i.Timer1A_Handler)
    Timer1_Init                              0x00001989   Thumb Code    68  timer1.o(i.Timer1_Init)
    Timer2A_Handler                          0x000019e1   Thumb Code    22  timer2.o(i.Timer2A_Handler)
    Timer2_Init                              0x00001a01   Thumb Code    68  timer2.o(i.Timer2_Init)
    Timer3A_Handler                          0x00001a59   Thumb Code    16  timer3.o(i.Timer3A_Handler)
    Timer3_Init                              0x00001a71   Thumb Code    74  timer3.o(i.Timer3_Init)
    Width                                    0x00001ad1   Thumb Code     4  maze.o(i.Width)
    __ARM_fpclassify                         0x00001ad5   Thumb Code    40  fpclassify.o(i.__ARM_fpclassify)
    __kernel_poly                            0x00001afd   Thumb Code   170  poly.o(i.__kernel_poly)
    __mathlib_dbl_underflow                  0x00001ba9   Thumb Code    10  dunder.o(i.__mathlib_dbl_underflow)
    gameLoop                                 0x00001d95   Thumb Code    98  spaceinvaders.o(i.gameLoop)
    main                                     0x00001e01   Thumb Code   484  spaceinvaders.o(i.main)
    midGameReset                             0x00002031   Thumb Code   618  spaceinvaders.o(i.midGameReset)
    moveGhost                                0x000022e1   Thumb Code  5960  spaceinvaders.o(i.moveGhost)
    moveGhosts                               0x00003a2d   Thumb Code  1668  spaceinvaders.o(i.moveGhosts)
    movePuck                                 0x000040f9   Thumb Code  1442  spaceinvaders.o(i.movePuck)
    periodic60hz                             0x000046cd   Thumb Code    32  spaceinvaders.o(i.periodic60hz)
    pow                                      0x000046f1   Thumb Code  2510  pow.o(i.pow)
    reDraw                                   0x000050e5   Thumb Code   344  spaceinvaders.o(i.reDraw)
    setPellets                               0x000052cd   Thumb Code    70  spaceinvaders.o(i.setPellets)
    sqrt                                     0x00005319   Thumb Code    76  sqrt.o(i.sqrt)
    systickinit                              0x00005365   Thumb Code    50  spaceinvaders.o(i.systickinit)
    unscare                                  0x000053a1   Thumb Code    26  spaceinvaders.o(i.unscare)
    __aeabi_dadd                             0x000053c1   Thumb Code     0  daddsub_clz.o(x$fpl$dadd)
    _dadd                                    0x000053c1   Thumb Code   332  daddsub_clz.o(x$fpl$dadd)
    __fpl_dcheck_NaN1                        0x00005511   Thumb Code    10  dcheck1.o(x$fpl$dcheck1)
    __fpl_dcmp_Inf                           0x00005521   Thumb Code    24  dcmpi.o(x$fpl$dcmpinf)
    __aeabi_ddiv                             0x00005539   Thumb Code     0  ddiv.o(x$fpl$ddiv)
    _ddiv                                    0x00005539   Thumb Code   552  ddiv.o(x$fpl$ddiv)
    __aeabi_i2d                              0x000057e9   Thumb Code     0  dflt_clz.o(x$fpl$dflt)
    _dflt                                    0x000057e9   Thumb Code    46  dflt_clz.o(x$fpl$dflt)
    __aeabi_cdcmple                          0x00005819   Thumb Code     0  dleqf.o(x$fpl$dleqf)
    _dcmple                                  0x00005819   Thumb Code   120  dleqf.o(x$fpl$dleqf)
    __fpl_dcmple_InfNaN                      0x0000587b   Thumb Code     0  dleqf.o(x$fpl$dleqf)
    __aeabi_dmul                             0x00005891   Thumb Code     0  dmul.o(x$fpl$dmul)
    _dmul                                    0x00005891   Thumb Code   332  dmul.o(x$fpl$dmul)
    __fpl_dnaninf                            0x000059e5   Thumb Code   156  dnaninf.o(x$fpl$dnaninf)
    __fpl_dretinf                            0x00005a81   Thumb Code    12  dretinf.o(x$fpl$dretinf)
    __aeabi_cdrcmple                         0x00005a8d   Thumb Code     0  drleqf.o(x$fpl$drleqf)
    _drcmple                                 0x00005a8d   Thumb Code   108  drleqf.o(x$fpl$drleqf)
    __aeabi_drsub                            0x00005af9   Thumb Code     0  daddsub_clz.o(x$fpl$drsb)
    _drsb                                    0x00005af9   Thumb Code    22  daddsub_clz.o(x$fpl$drsb)
    _dsqrt                                   0x00005b11   Thumb Code   404  dsqrt_umaal.o(x$fpl$dsqrt)
    __aeabi_dsub                             0x00005ca9   Thumb Code     0  daddsub_clz.o(x$fpl$dsub)
    _dsub                                    0x00005ca9   Thumb Code   464  daddsub_clz.o(x$fpl$dsub)
    __fpl_return_NaN                         0x00005e7d   Thumb Code   100  retnan.o(x$fpl$retnan)
    __ARM_scalbn                             0x00005ee1   Thumb Code    92  scalbn.o(x$fpl$scalbn)
    __fpl_cmpreturn                          0x00005f3d   Thumb Code    48  trapv.o(x$fpl$trapveneer)
    __I$use$fp                               0x00005f6c   Number         0  usenofp.o(x$fpl$usenofp)
    die                                      0x00005f6c   Data       19008  sound.o(.constdata)
    Opening_song                             0x0000a9ac   Data       48384  sound.o(.constdata)
    siren_sound                              0x000166ac   Data       17640  sound.o(.constdata)
    chomp                                    0x0001ab94   Data        7900  sound.o(.constdata)
    startscreen                              0x0001ca70   Data       39680  spaceinvaders.o(.constdata)
    Map                                      0x00026570   Data       32256  spaceinvaders.o(.constdata)
    ready                                    0x0002e370   Data         448  spaceinvaders.o(.constdata)
    startyellow                              0x0002e530   Data         128  spaceinvaders.o(.constdata)
    yellow                                   0x0002e5b0   Data         128  spaceinvaders.o(.constdata)
    yellowdown                               0x0002e630   Data         128  spaceinvaders.o(.constdata)
    yellowright                              0x0002e6b0   Data         128  spaceinvaders.o(.constdata)
    yellowup                                 0x0002e730   Data         128  spaceinvaders.o(.constdata)
    red                                      0x0002e7b0   Data         128  spaceinvaders.o(.constdata)
    reddown                                  0x0002e830   Data         128  spaceinvaders.o(.constdata)
    redright                                 0x0002e8b0   Data         128  spaceinvaders.o(.constdata)
    redup                                    0x0002e930   Data         128  spaceinvaders.o(.constdata)
    blue                                     0x0002e9b0   Data         128  spaceinvaders.o(.constdata)
    bluedown                                 0x0002ea30   Data         128  spaceinvaders.o(.constdata)
    blueright                                0x0002eab0   Data         128  spaceinvaders.o(.constdata)
    blueup                                   0x0002eb30   Data         128  spaceinvaders.o(.constdata)
    pink                                     0x0002ebb0   Data         128  spaceinvaders.o(.constdata)
    pinkdown                                 0x0002ec30   Data         128  spaceinvaders.o(.constdata)
    pinkright                                0x0002ecb0   Data         128  spaceinvaders.o(.constdata)
    pinkup                                   0x0002ed30   Data         128  spaceinvaders.o(.constdata)
    orange                                   0x0002edb0   Data         128  spaceinvaders.o(.constdata)
    orangedown                               0x0002ee30   Data         128  spaceinvaders.o(.constdata)
    orangeright                              0x0002eeb0   Data         128  spaceinvaders.o(.constdata)
    orangeup                                 0x0002ef30   Data         128  spaceinvaders.o(.constdata)
    eye                                      0x0002efb0   Data         128  spaceinvaders.o(.constdata)
    eyedown                                  0x0002f030   Data         128  spaceinvaders.o(.constdata)
    eyeright                                 0x0002f0b0   Data         128  spaceinvaders.o(.constdata)
    eyeup                                    0x0002f130   Data         128  spaceinvaders.o(.constdata)
    blueGhost                                0x0002f1b0   Data         128  spaceinvaders.o(.constdata)
    powerdot                                 0x0002f230   Data          32  spaceinvaders.o(.constdata)
    dot                                      0x0002f250   Data           2  spaceinvaders.o(.constdata)
    refresh                                  0x0002f252   Data         128  spaceinvaders.o(.constdata)
    readyClear                               0x0002f2d2   Data         448  spaceinvaders.o(.constdata)
    gameover                                 0x0002f492   Data         688  spaceinvaders.o(.constdata)
    dBfs                                     0x0002fe5a   Data         512  st7735.o(.constdata)
    InputPortMsg                             0x0003005a   Data          40  texas.o(.constdata)
    OutputPortMsg                            0x00030082   Data          40  texas.o(.constdata)
    BlankMsg                                 0x000300aa   Data          40  texas.o(.constdata)
    InitializedMsg                           0x000300d2   Data          40  texas.o(.constdata)
    IntroMsg                                 0x000300fa   Data          40  texas.o(.constdata)
    DoneMsg                                  0x00030122   Data          40  texas.o(.constdata)
    __mathlib_zero                           0x000301d8   Data           8  qnan.o(.constdata)
    Region$$Table$$Base                      0x000301e0   Number         0  anon$$obj.o(Region$$Table)
    Region$$Table$$Limit                     0x00030200   Number         0  anon$$obj.o(Region$$Table)
    PeriodicTask0                            0x20000000   Data           4  timer0.o(.data)
    PeriodicTask1                            0x20000004   Data           4  timer1.o(.data)
    i                                        0x20000008   Data           4  sound.o(.data)
    size                                     0x2000000c   Data           4  sound.o(.data)
    sound                                    0x20000010   Data           4  sound.o(.data)
    LevelInProgress                          0x20000014   Data           4  spaceinvaders.o(.data)
    GameInProgress                           0x20000018   Data           4  spaceinvaders.o(.data)
    direction                                0x2000001c   Data           4  spaceinvaders.o(.data)
    directionBuffer                          0x20000020   Data           4  spaceinvaders.o(.data)
    lives                                    0x20000024   Data           4  spaceinvaders.o(.data)
    score                                    0x20000028   Data           4  spaceinvaders.o(.data)
    dotsEaten                                0x2000002c   Data           4  spaceinvaders.o(.data)
    level                                    0x20000030   Data           4  spaceinvaders.o(.data)
    Input                                    0x20000034   Data           4  spaceinvaders.o(.data)
    toggle                                   0x20000038   Data           1  spaceinvaders.o(.data)
    ADC_X                                    0x2000003c   Data           4  spaceinvaders.o(.data)
    ADC_Y                                    0x20000040   Data           4  spaceinvaders.o(.data)
    StX                                      0x20000044   Data           4  st7735.o(.data)
    StY                                      0x20000048   Data           4  st7735.o(.data)
    StTextColor                              0x2000004c   Data           2  st7735.o(.data)
    lastj                                    0x20000054   Data           4  st7735.o(.data)
    Messageindex                             0x2000005c   Data           4  st7735.o(.data)
    Ymax                                     0x20000060   Data           4  st7735.o(.data)
    Ymin                                     0x20000064   Data           4  st7735.o(.data)
    X                                        0x20000068   Data           4  st7735.o(.data)
    Yrange                                   0x2000006c   Data           4  st7735.o(.data)
    map                                      0x20000070   Data        1008  maze.o(.data)
    PeriodicTask2                            0x20000460   Data           4  timer2.o(.data)
    PeriodicTask3                            0x20000464   Data           4  timer3.o(.data)
    TExaS_Period                             0x20000468   Data           4  texas.o(.data)
    TExaS_Ports                              0x2000046c   Data           8  texas.o(.data)
    TExaS_Meter                              0x20000474   Data           4  texas.o(.data)
    ADCnum                                   0x20000478   Data           4  texas.o(.data)
    LastMode                                 0x2000047c   Data           4  texas.o(.data)
    bFlag                                    0x20000480   Data           4  texas.o(.data)
    Count                                    0x20000484   Data           4  texas.o(.data)
    DelayBetweenTests                        0x20000488   Data           4  texas.o(.data)
    TExaS_Test                               0x2000048c   Data           4  texas.o(.data)
    ScopeMode                                0x20000490   Data           4  texas.o(.data)
    ScopeCount                               0x20000494   Data           4  texas.o(.data)
    puck                                     0x2000049c   Data          24  spaceinvaders.o(.bss)
    pellets                                  0x200004b4   Data        2880  spaceinvaders.o(.bss)
    energizers                               0x20000ff4   Data          48  spaceinvaders.o(.bss)
    enemies                                  0x20001024   Data         224  spaceinvaders.o(.bss)
    TExaS                                    0x20001108   Data          56  texas.o(.bss)
    __libspace_start                         0x20001140   Data          96  libspace.o(.bss)
    __temporary_stack_top$libspace           0x200011a0   Data           0  libspace.o(.bss)



==============================================================================

Memory Map of the image

  Image Entry point : 0x0000026d

  Load Region LR_1 (Base: 0x00000000, Size: 0x0003069c, Max: 0xffffffff, ABSOLUTE, COMPRESSED[0x000302bc])

    Execution Region ER_RO (Base: 0x00000000, Size: 0x00030200, Max: 0xffffffff, ABSOLUTE)

    Base Addr    Size         Type   Attr      Idx    E Section Name        Object

    0x00000000   0x00000284   Code   RO            3  * RESET               startup.o
    0x00000284   0x00000008   Code   RO          730  * !!!main             c_w.l(__main.o)
    0x0000028c   0x00000034   Code   RO          957    !!!scatter          c_w.l(__scatter.o)
    0x000002c0   0x00000064   Code   RO          955    !!dclz77c           c_w.l(__dclz77c.o)
    0x00000324   0x0000001c   Code   RO          959    !!handler_zi        c_w.l(__scatter_zi.o)
    0x00000340   0x00000002   Code   RO          827    .ARM.Collect$$libinit$$00000000  c_w.l(libinit.o)
    0x00000342   0x00000000   Code   RO          833    .ARM.Collect$$libinit$$00000002  c_w.l(libinit2.o)
    0x00000342   0x00000000   Code   RO          836    .ARM.Collect$$libinit$$00000008  c_w.l(libinit2.o)
    0x00000342   0x00000000   Code   RO          838    .ARM.Collect$$libinit$$0000000A  c_w.l(libinit2.o)
    0x00000342   0x00000000   Code   RO          840    .ARM.Collect$$libinit$$0000000C  c_w.l(libinit2.o)
    0x00000342   0x00000000   Code   RO          843    .ARM.Collect$$libinit$$0000000F  c_w.l(libinit2.o)
    0x00000342   0x00000000   Code   RO          845    .ARM.Collect$$libinit$$00000011  c_w.l(libinit2.o)
    0x00000342   0x00000000   Code   RO          847    .ARM.Collect$$libinit$$00000013  c_w.l(libinit2.o)
    0x00000342   0x00000000   Code   RO          849    .ARM.Collect$$libinit$$00000015  c_w.l(libinit2.o)
    0x00000342   0x00000000   Code   RO          851    .ARM.Collect$$libinit$$00000017  c_w.l(libinit2.o)
    0x00000342   0x00000000   Code   RO          853    .ARM.Collect$$libinit$$00000019  c_w.l(libinit2.o)
    0x00000342   0x00000000   Code   RO          855    .ARM.Collect$$libinit$$0000001B  c_w.l(libinit2.o)
    0x00000342   0x00000000   Code   RO          857    .ARM.Collect$$libinit$$0000001D  c_w.l(libinit2.o)
    0x00000342   0x00000000   Code   RO          859    .ARM.Collect$$libinit$$0000001F  c_w.l(libinit2.o)
    0x00000342   0x00000000   Code   RO          861    .ARM.Collect$$libinit$$00000021  c_w.l(libinit2.o)
    0x00000342   0x00000000   Code   RO          863    .ARM.Collect$$libinit$$00000023  c_w.l(libinit2.o)
    0x00000342   0x00000000   Code   RO          867    .ARM.Collect$$libinit$$0000002A  c_w.l(libinit2.o)
    0x00000342   0x00000000   Code   RO          869    .ARM.Collect$$libinit$$0000002C  c_w.l(libinit2.o)
    0x00000342   0x00000000   Code   RO          871    .ARM.Collect$$libinit$$0000002E  c_w.l(libinit2.o)
    0x00000342   0x00000000   Code   RO          873    .ARM.Collect$$libinit$$00000030  c_w.l(libinit2.o)
    0x00000342   0x00000002   Code   RO          874    .ARM.Collect$$libinit$$00000031  c_w.l(libinit2.o)
    0x00000344   0x00000002   Code   RO          896    .ARM.Collect$$libshutdown$$00000000  c_w.l(libshutdown.o)
    0x00000346   0x00000000   Code   RO          910    .ARM.Collect$$libshutdown$$00000003  c_w.l(libshutdown2.o)
    0x00000346   0x00000000   Code   RO          913    .ARM.Collect$$libshutdown$$00000006  c_w.l(libshutdown2.o)
    0x00000346   0x00000000   Code   RO          916    .ARM.Collect$$libshutdown$$00000009  c_w.l(libshutdown2.o)
    0x00000346   0x00000000   Code   RO          918    .ARM.Collect$$libshutdown$$0000000B  c_w.l(libshutdown2.o)
    0x00000346   0x00000000   Code   RO          921    .ARM.Collect$$libshutdown$$0000000E  c_w.l(libshutdown2.o)
    0x00000346   0x00000002   Code   RO          922    .ARM.Collect$$libshutdown$$0000000F  c_w.l(libshutdown2.o)
    0x00000348   0x00000000   Code   RO          764    .ARM.Collect$$rtentry$$00000000  c_w.l(rtentry.o)
    0x00000348   0x00000000   Code   RO          794    .ARM.Collect$$rtentry$$00000002  c_w.l(rtentry2.o)
    0x00000348   0x00000006   Code   RO          806    .ARM.Collect$$rtentry$$00000004  c_w.l(rtentry4.o)
    0x0000034e   0x00000000   Code   RO          796    .ARM.Collect$$rtentry$$00000009  c_w.l(rtentry2.o)
    0x0000034e   0x00000004   Code   RO          797    .ARM.Collect$$rtentry$$0000000A  c_w.l(rtentry2.o)
    0x00000352   0x00000000   Code   RO          799    .ARM.Collect$$rtentry$$0000000C  c_w.l(rtentry2.o)
    0x00000352   0x00000008   Code   RO          800    .ARM.Collect$$rtentry$$0000000D  c_w.l(rtentry2.o)
    0x0000035a   0x00000002   Code   RO          830    .ARM.Collect$$rtexit$$00000000  c_w.l(rtexit.o)
    0x0000035c   0x00000000   Code   RO          878    .ARM.Collect$$rtexit$$00000002  c_w.l(rtexit2.o)
    0x0000035c   0x00000004   Code   RO          879    .ARM.Collect$$rtexit$$00000003  c_w.l(rtexit2.o)
    0x00000360   0x00000006   Code   RO          880    .ARM.Collect$$rtexit$$00000004  c_w.l(rtexit2.o)
    0x00000366   0x00000002   PAD
    0x00000368   0x00000030   Code   RO            4    .text               startup.o
    0x00000398   0x00000040   Code   RO           13    .text               random.o
    0x000003d8   0x00000064   Code   RO          165    .text               lcd.o
    0x0000043c   0x000000fc   Code   RO          168    .text               print.o
    0x00000538   0x000004a0   Code   RO          707    .text               texas.o
    0x000009d8   0x00000064   Code   RO          726    .text               c_w.l(rt_memcpy_w.o)
    0x00000a3c   0x00000006   Code   RO          728    .text               c_w.l(heapauxi.o)
    0x00000a42   0x00000016   Code   RO          765    .text               c_w.l(_rserrno.o)
    0x00000a58   0x00000008   Code   RO          811    .text               c_w.l(rt_errno_addr_intlibspace.o)
    0x00000a60   0x00000008   Code   RO          815    .text               c_w.l(libspace.o)
    0x00000a68   0x0000004a   Code   RO          818    .text               c_w.l(sys_stackheap_outer.o)
    0x00000ab2   0x0000000c   Code   RO          820    .text               c_w.l(exit.o)
    0x00000abe   0x00000002   PAD
    0x00000ac0   0x0000000c   Code   RO          888    .text               c_w.l(sys_exit.o)
    0x00000acc   0x00000002   Code   RO          899    .text               c_w.l(use_no_semi.o)
    0x00000ace   0x00000000   Code   RO          901    .text               c_w.l(indicate_semi.o)
    0x00000ace   0x00000002   PAD
    0x00000ad0   0x0000002c   Code   RO           41    i.ADC_In_X          adc.o
    0x00000afc   0x0000002c   Code   RO           42    i.ADC_In_Y          adc.o
    0x00000b28   0x000000f0   Code   RO           43    i.ADC_Init          adc.o
    0x00000c18   0x0000005c   Code   RO          635    i.CoinInit          coin.o
    0x00000c74   0x00000048   Code   RO          171    i.CollidesDot       spaceinvaders.o
    0x00000cbc   0x0000003c   Code   RO          172    i.CollidesGhost     spaceinvaders.o
    0x00000cf8   0x00000048   Code   RO          173    i.CollidesPowerDot  spaceinvaders.o
    0x00000d40   0x00000054   Code   RO           16    i.DAC_Init          dac.o
    0x00000d94   0x00000028   Code   RO           17    i.DAC_Out           dac.o
    0x00000dbc   0x00000024   Code   RO          174    i.Delay100ms        spaceinvaders.o
    0x00000de0   0x00000020   Code   RO          339    i.Delay1ms          st7735.o
    0x00000e00   0x00000040   Code   RO          175    i.GameFlow          spaceinvaders.o
    0x00000e40   0x00000024   Code   RO          176    i.GameOver          spaceinvaders.o
    0x00000e64   0x00000004   Code   RO          602    i.Height            maze.o
    0x00000e68   0x0000016c   Code   RO          177    i.InitGame          spaceinvaders.o
    0x00000fd4   0x00000062   Code   RO          653    i.JoystickDirection  joystick.o
    0x00001036   0x00000002   PAD
    0x00001038   0x00000058   Code   RO          178    i.LevelUp           spaceinvaders.o
    0x00001090   0x0000015c   Code   RO          179    i.LoseLife          spaceinvaders.o
    0x000011ec   0x00000014   Code   RO          603    i.Maze_Get          maze.o
    0x00001200   0x00000010   Code   RO          342    i.Output_Init       st7735.o
    0x00001210   0x00000010   Code   RO          636    i.Paid              coin.o
    0x00001220   0x00000048   Code   RO          180    i.PayToPlay         spaceinvaders.o
    0x00001268   0x00000034   Code   RO          107    i.Play              sound.o
    0x0000129c   0x00000120   Code   RO          346    i.ST7735_DrawBitmap  st7735.o
    0x000013bc   0x000000f4   Code   RO          348    i.ST7735_DrawCharS  st7735.o
    0x000014b0   0x00000048   Code   RO          351    i.ST7735_DrawPixel  st7735.o
    0x000014f8   0x00000056   Code   RO          352    i.ST7735_DrawString  st7735.o
    0x0000154e   0x00000002   PAD
    0x00001550   0x000000ac   Code   RO          353    i.ST7735_FillRect   st7735.o
    0x000015fc   0x00000024   Code   RO          354    i.ST7735_FillScreen  st7735.o
    0x00001620   0x0000007c   Code   RO          356    i.ST7735_InitR      st7735.o
    0x0000169c   0x000000d4   Code   RO          358    i.ST7735_OutChar    st7735.o
    0x00001770   0x00000018   Code   RO          359    i.ST7735_OutString  st7735.o
    0x00001788   0x00000020   Code   RO          369    i.ST7735_SetCursor  st7735.o
    0x000017a8   0x00000014   Code   RO          108    i.Sound_Chomp       sound.o
    0x000017bc   0x0000001c   Code   RO          109    i.Sound_Die         sound.o
    0x000017d8   0x00000028   Code   RO          110    i.Sound_Init        sound.o
    0x00001800   0x0000001c   Code   RO          111    i.Sound_Intro       sound.o
    0x0000181c   0x00000014   Code   RO          112    i.Sound_Play        sound.o
    0x00001830   0x00000014   Code   RO          113    i.Sound_Siren       sound.o
    0x00001844   0x00000018   Code   RO          114    i.Stop              sound.o
    0x0000185c   0x00000094   Code   RO          181    i.SysTick_Handler   spaceinvaders.o
    0x000018f0   0x00000018   Code   RO           65    i.Timer0A_Handler   timer0.o
    0x00001908   0x00000060   Code   RO           66    i.Timer0_Init       timer0.o
    0x00001968   0x00000020   Code   RO           86    i.Timer1A_Handler   timer1.o
    0x00001988   0x00000058   Code   RO           87    i.Timer1_Init       timer1.o
    0x000019e0   0x00000020   Code   RO          665    i.Timer2A_Handler   timer2.o
    0x00001a00   0x00000058   Code   RO          666    i.Timer2_Init       timer2.o
    0x00001a58   0x00000018   Code   RO          686    i.Timer3A_Handler   timer3.o
    0x00001a70   0x00000060   Code   RO          687    i.Timer3_Init       timer3.o
    0x00001ad0   0x00000004   Code   RO          605    i.Width             maze.o
    0x00001ad4   0x00000028   Code   RO          788    i.__ARM_fpclassify  m_ws.l(fpclassify.o)
    0x00001afc   0x000000aa   Code   RO          790    i.__kernel_poly     m_ws.l(poly.o)
    0x00001ba6   0x00000002   PAD
    0x00001ba8   0x00000010   Code   RO          786    i.__mathlib_dbl_underflow  m_ws.l(dunder.o)
    0x00001bb8   0x00000056   Code   RO          373    i.commandList       st7735.o
    0x00001c0e   0x00000002   PAD
    0x00001c10   0x00000184   Code   RO          374    i.commonInit        st7735.o
    0x00001d94   0x0000006c   Code   RO          182    i.gameLoop          spaceinvaders.o
    0x00001e00   0x00000230   Code   RO          183    i.main              spaceinvaders.o
    0x00002030   0x000002b0   Code   RO          184    i.midGameReset      spaceinvaders.o
    0x000022e0   0x0000174c   Code   RO          185    i.moveGhost         spaceinvaders.o
    0x00003a2c   0x000006cc   Code   RO          186    i.moveGhosts        spaceinvaders.o
    0x000040f8   0x000005d4   Code   RO          187    i.movePuck          spaceinvaders.o
    0x000046cc   0x00000024   Code   RO          188    i.periodic60hz      spaceinvaders.o
    0x000046f0   0x000009e0   Code   RO          747    i.pow               m_ws.l(pow.o)
    0x000050d0   0x00000012   Code   RO          379    i.pushColor         st7735.o
    0x000050e2   0x00000002   PAD
    0x000050e4   0x00000174   Code   RO          189    i.reDraw            spaceinvaders.o
    0x00005258   0x00000074   Code   RO          380    i.setAddrWindow     st7735.o
    0x000052cc   0x0000004c   Code   RO          190    i.setPellets        spaceinvaders.o
    0x00005318   0x0000004c   Code   RO          757    i.sqrt              m_ws.l(sqrt.o)
    0x00005364   0x0000003c   Code   RO          191    i.systickinit       spaceinvaders.o
    0x000053a0   0x00000020   Code   RO          192    i.unscare           spaceinvaders.o
    0x000053c0   0x00000150   Code   RO          732    x$fpl$dadd          fz_ws.l(daddsub_clz.o)
    0x00005510   0x00000010   Code   RO          813    x$fpl$dcheck1       fz_ws.l(dcheck1.o)
    0x00005520   0x00000018   Code   RO          767    x$fpl$dcmpinf       fz_ws.l(dcmpi.o)
    0x00005538   0x000002b0   Code   RO          770    x$fpl$ddiv          fz_ws.l(ddiv.o)
    0x000057e8   0x0000002e   Code   RO          739    x$fpl$dflt          fz_ws.l(dflt_clz.o)
    0x00005816   0x00000002   PAD
    0x00005818   0x00000078   Code   RO          744    x$fpl$dleqf         fz_ws.l(dleqf.o)
    0x00005890   0x00000154   Code   RO          773    x$fpl$dmul          fz_ws.l(dmul.o)
    0x000059e4   0x0000009c   Code   RO          775    x$fpl$dnaninf       fz_ws.l(dnaninf.o)
    0x00005a80   0x0000000c   Code   RO          777    x$fpl$dretinf       fz_ws.l(dretinf.o)
    0x00005a8c   0x0000006c   Code   RO          779    x$fpl$drleqf        fz_ws.l(drleqf.o)
    0x00005af8   0x00000016   Code   RO          733    x$fpl$drsb          fz_ws.l(daddsub_clz.o)
    0x00005b0e   0x00000002   PAD
    0x00005b10   0x00000198   Code   RO          781    x$fpl$dsqrt         fz_ws.l(dsqrt_umaal.o)
    0x00005ca8   0x000001d4   Code   RO          734    x$fpl$dsub          fz_ws.l(daddsub_clz.o)
    0x00005e7c   0x00000064   Code   RO          828    x$fpl$retnan        fz_ws.l(retnan.o)
    0x00005ee0   0x0000005c   Code   RO          783    x$fpl$scalbn        fz_ws.l(scalbn.o)
    0x00005f3c   0x00000030   Code   RO          875    x$fpl$trapveneer    fz_ws.l(trapv.o)
    0x00005f6c   0x00000000   Code   RO          785    x$fpl$usenofp       fz_ws.l(usenofp.o)
    0x00005f6c   0x00016b04   Data   RO          115    .constdata          sound.o
    0x0001ca70   0x00012e08   Data   RO          194    .constdata          spaceinvaders.o
    0x0002f878   0x000007e2   Data   RO          382    .constdata          st7735.o
    0x0003005a   0x000000f0   Data   RO          709    .constdata          texas.o
    0x0003014a   0x00000006   PAD
    0x00030150   0x00000088   Data   RO          748    .constdata          m_ws.l(pow.o)
    0x000301d8   0x00000008   Data   RO          792    .constdata          m_ws.l(qnan.o)
    0x000301e0   0x00000020   Data   RO          953    Region$$Table       anon$$obj.o


    Execution Region ER_RW (Base: 0x20000000, Size: 0x0000049c, Max: 0xffffffff, ABSOLUTE, COMPRESSED[0x000000bc])

    Base Addr    Size         Type   Attr      Idx    E Section Name        Object

    0x20000000   0x00000004   Data   RW           67    .data               timer0.o
    0x20000004   0x00000004   Data   RW           88    .data               timer1.o
    0x20000008   0x0000000c   Data   RW          116    .data               sound.o
    0x20000014   0x00000030   Data   RW          195    .data               spaceinvaders.o
    0x20000044   0x0000002c   Data   RW          383    .data               st7735.o
    0x20000070   0x000003f0   Data   RW          606    .data               maze.o
    0x20000460   0x00000004   Data   RW          667    .data               timer2.o
    0x20000464   0x00000004   Data   RW          688    .data               timer3.o
    0x20000468   0x00000030   Data   RW          710    .data               texas.o
    0x20000498   0x00000004   Data   RW           12    DATA                random.o


    Execution Region ER_ZI (Base: 0x2000049c, Size: 0x00001104, Max: 0xffffffff, ABSOLUTE)

    Base Addr    Size         Type   Attr      Idx    E Section Name        Object

    0x2000049c   0x00000c68   Zero   RW          193    .bss                spaceinvaders.o
    0x20001104   0x00000004   PAD
    0x20001108   0x00000038   Zero   RW          708    .bss                texas.o
    0x20001140   0x00000060   Zero   RW          816    .bss                c_w.l(libspace.o)
    0x200011a0   0x00000000   Zero   RW            2    HEAP                startup.o
    0x200011a0   0x00000400   Zero   RW            1    STACK               startup.o


==============================================================================

Image component sizes


      Code (inc. data)   RO Data    RW Data    ZI Data      Debug   Object Name

       328         50          0          0          0       1313   adc.o
       108         18          0          0          0        790   coin.o
       124         22          0          0          0       5013   dac.o
        98          0          0          0          0        576   joystick.o
       100         14          0          0          0        212   lcd.o
        28          4          0       1008          0       1542   maze.o
       252          2          0          0          0        256   print.o
        64         14          0          4          0        204   random.o
       232         74      92932         12          0       3712   sound.o
     12488        648      77320         48       3176      19155   spaceinvaders.o
      1946        182       2018         44          0      12300   st7735.o
       692        632          0          0       1024        916   startup.o
      1184        188        240         48         56      14668   texas.o
       120         28          0          4          0       1300   timer0.o
       120         30          0          4          0       1304   timer1.o
       120         30          0          4          0       1304   timer2.o
       120         30          0          4          0       1300   timer3.o

    ----------------------------------------------------------------------
     18132       1966     172548       1180       4260      65865   Object Totals
         0          0         32          0          0          0   (incl. Generated)
         8          0          6          0          4          0   (incl. Padding)

    ----------------------------------------------------------------------

      Code (inc. data)   RO Data    RW Data    ZI Data      Debug   Library Member Name

       100          0          0          0          0          0   __dclz77c.o
         8          0          0          0          0         68   __main.o
        52          8          0          0          0          0   __scatter.o
        28          0          0          0          0          0   __scatter_zi.o
        22          0          0          0          0        100   _rserrno.o
        12          0          0          0          0         72   exit.o
         6          0          0          0          0        152   heapauxi.o
         0          0          0          0          0          0   indicate_semi.o
         2          0          0          0          0          0   libinit.o
         2          0          0          0          0          0   libinit2.o
         2          0          0          0          0          0   libshutdown.o
         2          0          0          0          0          0   libshutdown2.o
         8          4          0          0         96         68   libspace.o
         8          4          0          0          0         68   rt_errno_addr_intlibspace.o
       100          0          0          0          0         80   rt_memcpy_w.o
         0          0          0          0          0          0   rtentry.o
        12          0          0          0          0          0   rtentry2.o
         6          0          0          0          0          0   rtentry4.o
         2          0          0          0          0          0   rtexit.o
        10          0          0          0          0          0   rtexit2.o
        12          4          0          0          0         68   sys_exit.o
        74          0          0          0          0         80   sys_stackheap_outer.o
         2          0          0          0          0         68   use_no_semi.o
       826         16          0          0          0        348   daddsub_clz.o
        16          4          0          0          0         68   dcheck1.o
        24          0          0          0          0         68   dcmpi.o
       688        140          0          0          0        208   ddiv.o
        46          0          0          0          0         68   dflt_clz.o
       120          4          0          0          0         92   dleqf.o
       340         12          0          0          0        104   dmul.o
       156          4          0          0          0         92   dnaninf.o
        12          0          0          0          0         68   dretinf.o
       108          0          0          0          0         80   drleqf.o
       408         56          0          0          0        120   dsqrt_umaal.o
       100          0          0          0          0         68   retnan.o
        92          0          0          0          0         68   scalbn.o
        48          0          0          0          0         68   trapv.o
         0          0          0          0          0          0   usenofp.o
        16          6          0          0          0         68   dunder.o
        40          0          0          0          0         68   fpclassify.o
       170          0          0          0          0         96   poly.o
      2528        190        136          0          0        332   pow.o
         0          0          8          0          0          0   qnan.o
        76          0          0          0          0         84   sqrt.o

    ----------------------------------------------------------------------
      6296        452        144          0         96       2992   Library Totals
        12          0          0          0          0          0   (incl. Padding)

    ----------------------------------------------------------------------

      Code (inc. data)   RO Data    RW Data    ZI Data      Debug   Library Name

       470         20          0          0         96        824   c_w.l
      2984        236          0          0          0       1520   fz_ws.l
      2830        196        144          0          0        648   m_ws.l

    ----------------------------------------------------------------------
      6296        452        144          0         96       2992   Library Totals

    ----------------------------------------------------------------------

==============================================================================


      Code (inc. data)   RO Data    RW Data    ZI Data      Debug   

     24428       2418     172692       1180       4356      63917   Grand Totals
     24428       2418     172692        188       4356      63917   ELF Image Totals (compressed)
     24428       2418     172692        188          0          0   ROM Totals

==============================================================================

    Total RO  Size (Code + RO Data)               197120 ( 192.50kB)
    Total RW  Size (RW Data + ZI Data)              5536 (   5.41kB)
    Total ROM Size (Code + RO Data + RW Data)     197308 ( 192.68kB)

==============================================================================

